// Jest Snapshot v1, https://goo.gl/fbAQLP

exports[`AddNote renders correctly 1`] = `
<div
  class="add-note"
>
  <div
    class="box"
    contenteditable="true"
  >
    
    Type to enter a new note...
  
  </div>
   
  <div
    class="button__wrapper"
  >
    <base-button-stub
      disabled="true"
    >
      
      Add Note
    
    </base-button-stub>
  </div>
</div>
`;
